../Core/Src/main.c:80:6:MAX7219_SendData	24	static
../Core/Src/main.c:87:6:MAX7219_init	16	static
../Core/Src/main.c:99:6:Display_Char	24	static
../Core/Src/main.c:106:6:Display_Alternating	32	static
../Core/Src/main.c:119:8:clean_command_buffer	24	static
../Core/Src/main.c:131:9:Read_PCF8591	32	static
../Core/Src/main.c:148:6:process_command	40	static
../Core/Src/main.c:190:5:main	8	static
../Core/Src/main.c:239:6:SystemClock_Config	120	static
../Core/Src/main.c:300:13:MX_I2C1_Init	8	static
../Core/Src/main.c:348:13:MX_SPI1_Init	8	static
../Core/Src/main.c:396:13:MX_USART3_UART_Init	8	static
../Core/Src/main.c:444:13:MX_USB_OTG_FS_PCD_Init	8	static
../Core/Src/main.c:480:13:MX_GPIO_Init	56	static
../Core/Src/main.c:584:6:HAL_UART_RxCpltCallback	16	static
../Core/Src/main.c:598:6:Error_Handler	4	static,ignoring_inline_asm
